ARM Linker, 5.03 [Build 76] [MDK-ARM Lite]

==============================================================================

Section Cross References

    project0_c.o(i.InitConsole) refers to sysctl.o(i.SysCtlPeripheralEnable) for SysCtlPeripheralEnable
    project0_c.o(i.InitConsole) refers to sysctl.o(.emb_text) for SysCtlDelay
    project0_c.o(i.InitConsole) refers to gpio.o(i.GPIOPinConfigure) for GPIOPinConfigure
    project0_c.o(i.InitConsole) refers to gpio.o(i.GPIOPinTypeUART) for GPIOPinTypeUART
    project0_c.o(i.InitConsole) refers to project0_c.o(i.UARTStdioConfig) for UARTStdioConfig
    project0_c.o(i.UARTConfigSetExpClk) refers to project0_c.o(i.UARTDisable) for UARTDisable
    project0_c.o(i.UARTConfigSetExpClk) refers to project0_c.o(i.UARTEnable) for UARTEnable
    project0_c.o(i.UARTIntRegister) refers to project0_c.o(i._UARTIntNumberGet) for _UARTIntNumberGet
    project0_c.o(i.UARTIntRegister) refers to interrupt.o(i.IntRegister) for IntRegister
    project0_c.o(i.UARTIntRegister) refers to interrupt.o(i.IntEnable) for IntEnable
    project0_c.o(i.UARTIntUnregister) refers to project0_c.o(i._UARTIntNumberGet) for _UARTIntNumberGet
    project0_c.o(i.UARTIntUnregister) refers to interrupt.o(i.IntDisable) for IntDisable
    project0_c.o(i.UARTIntUnregister) refers to interrupt.o(i.IntUnregister) for IntUnregister
    project0_c.o(i.UARTStdioConfig) refers to project0_c.o(.constdata) for .constdata
    project0_c.o(i.UARTStdioConfig) refers to project0_c.o(.data) for .data
    project0_c.o(i.UARTgetc) refers to project0_c.o(.data) for .data
    project0_c.o(i.UARTgets) refers to project0_c.o(i.UARTwrite) for UARTwrite
    project0_c.o(i.UARTgets) refers to project0_c.o(.data) for .data
    project0_c.o(i.UARTprintf) refers to project0_c.o(i.UARTvprintf) for UARTvprintf
    project0_c.o(i.UARTvprintf) refers to project0_c.o(i.UARTwrite) for UARTwrite
    project0_c.o(i.UARTvprintf) refers to project0_c.o(.constdata) for .constdata
    project0_c.o(i.UARTwrite) refers to project0_c.o(.data) for .data
    project0_c.o(i._UARTIntNumberGet) refers to project0_c.o(.constdata) for .constdata
    project0_c.o(i.main) refers to sysctl.o(i.SysCtlClockSet) for SysCtlClockSet
    project0_c.o(i.main) refers to project0_c.o(i.InitConsole) for InitConsole
    project0_c.o(i.main) refers to project0_c.o(i.UARTprintf) for UARTprintf
    project0_c.o(i.main) refers to sysctl.o(i.SysCtlPeripheralEnable) for SysCtlPeripheralEnable
    project0_c.o(i.main) refers to adc.o(i.ADCSequenceConfigure) for ADCSequenceConfigure
    project0_c.o(i.main) refers to adc.o(i.ADCSequenceStepConfigure) for ADCSequenceStepConfigure
    project0_c.o(i.main) refers to adc.o(i.ADCSequenceEnable) for ADCSequenceEnable
    project0_c.o(i.main) refers to adc.o(i.ADCIntClear) for ADCIntClear
    project0_c.o(i.main) refers to adc.o(i.ADCProcessorTrigger) for ADCProcessorTrigger
    project0_c.o(i.main) refers to adc.o(i.ADCIntStatus) for ADCIntStatus
    project0_c.o(i.main) refers to adc.o(i.ADCSequenceDataGet) for ADCSequenceDataGet
    project0_c.o(i.main) refers to f2d.o(.text) for __aeabi_f2d
    project0_c.o(i.main) refers to dmul.o(.text) for __aeabi_dmul
    project0_c.o(i.main) refers to dadd.o(.text) for __aeabi_drsub
    project0_c.o(i.main) refers to dfixui.o(.text) for __aeabi_d2uiz
    project0_c.o(i.main) refers to sysctl.o(i.SysCtlClockGet) for SysCtlClockGet
    project0_c.o(i.main) refers to sysctl.o(.emb_text) for SysCtlDelay
    project0_c.o(.constdata) refers to project0_c.o(.conststring) for .conststring
    startup_rvmdk.o(RESET) refers to startup_rvmdk.o(STACK) for StackMem
    startup_rvmdk.o(RESET) refers to entry.o(.ARM.Collect$$$$00000000) for __main
    adc.o(i.ADCIntRegister) refers to interrupt.o(i.IntRegister) for IntRegister
    adc.o(i.ADCIntRegister) refers to interrupt.o(i.IntEnable) for IntEnable
    adc.o(i.ADCIntUnregister) refers to interrupt.o(i.IntDisable) for IntDisable
    adc.o(i.ADCIntUnregister) refers to interrupt.o(i.IntUnregister) for IntUnregister
    adc.o(i.ADCSoftwareOversampleConfigure) refers to adc.o(.data) for .data
    adc.o(i.ADCSoftwareOversampleDataGet) refers to adc.o(.data) for .data
    adc.o(i.ADCSoftwareOversampleStepConfigure) refers to adc.o(.data) for .data
    gpio.o(i.GPIOIntRegister) refers to gpio.o(i._GPIOIntNumberGet) for _GPIOIntNumberGet
    gpio.o(i.GPIOIntRegister) refers to interrupt.o(i.IntRegister) for IntRegister
    gpio.o(i.GPIOIntRegister) refers to interrupt.o(i.IntEnable) for IntEnable
    gpio.o(i.GPIOIntRegisterPin) refers to gpio.o(i._GPIOIntNumberGet) for _GPIOIntNumberGet
    gpio.o(i.GPIOIntRegisterPin) refers to interrupt.o(i.IntRegister) for IntRegister
    gpio.o(i.GPIOIntRegisterPin) refers to interrupt.o(i.IntEnable) for IntEnable
    gpio.o(i.GPIOIntUnregister) refers to gpio.o(i._GPIOIntNumberGet) for _GPIOIntNumberGet
    gpio.o(i.GPIOIntUnregister) refers to interrupt.o(i.IntDisable) for IntDisable
    gpio.o(i.GPIOIntUnregister) refers to interrupt.o(i.IntUnregister) for IntUnregister
    gpio.o(i.GPIOIntUnregisterPin) refers to gpio.o(i._GPIOIntNumberGet) for _GPIOIntNumberGet
    gpio.o(i.GPIOIntUnregisterPin) refers to interrupt.o(i.IntDisable) for IntDisable
    gpio.o(i.GPIOIntUnregisterPin) refers to interrupt.o(i.IntUnregister) for IntUnregister
    gpio.o(i.GPIOPinConfigure) refers to gpio.o(.constdata) for .constdata
    gpio.o(i.GPIOPinTypeADC) refers to gpio.o(i.GPIODirModeSet) for GPIODirModeSet
    gpio.o(i.GPIOPinTypeADC) refers to gpio.o(i.GPIOPadConfigSet) for GPIOPadConfigSet
    gpio.o(i.GPIOPinTypeCAN) refers to gpio.o(i.GPIODirModeSet) for GPIODirModeSet
    gpio.o(i.GPIOPinTypeCAN) refers to gpio.o(i.GPIOPadConfigSet) for GPIOPadConfigSet
    gpio.o(i.GPIOPinTypeComparator) refers to gpio.o(i.GPIODirModeSet) for GPIODirModeSet
    gpio.o(i.GPIOPinTypeComparator) refers to gpio.o(i.GPIOPadConfigSet) for GPIOPadConfigSet
    gpio.o(i.GPIOPinTypeComparatorOutput) refers to gpio.o(i.GPIODirModeSet) for GPIODirModeSet
    gpio.o(i.GPIOPinTypeComparatorOutput) refers to gpio.o(i.GPIOPadConfigSet) for GPIOPadConfigSet
    gpio.o(i.GPIOPinTypeDIVSCLK) refers to gpio.o(i.GPIODirModeSet) for GPIODirModeSet
    gpio.o(i.GPIOPinTypeDIVSCLK) refers to gpio.o(i.GPIOPadConfigSet) for GPIOPadConfigSet
    gpio.o(i.GPIOPinTypeEPI) refers to gpio.o(i.GPIODirModeSet) for GPIODirModeSet
    gpio.o(i.GPIOPinTypeEPI) refers to gpio.o(i.GPIOPadConfigSet) for GPIOPadConfigSet
    gpio.o(i.GPIOPinTypeEthernetLED) refers to gpio.o(i.GPIODirModeSet) for GPIODirModeSet
    gpio.o(i.GPIOPinTypeEthernetLED) refers to gpio.o(i.GPIOPadConfigSet) for GPIOPadConfigSet
    gpio.o(i.GPIOPinTypeEthernetMII) refers to gpio.o(i.GPIODirModeSet) for GPIODirModeSet
    gpio.o(i.GPIOPinTypeEthernetMII) refers to gpio.o(i.GPIOPadConfigSet) for GPIOPadConfigSet
    gpio.o(i.GPIOPinTypeGPIOInput) refers to gpio.o(i.GPIODirModeSet) for GPIODirModeSet
    gpio.o(i.GPIOPinTypeGPIOInput) refers to gpio.o(i.GPIOPadConfigSet) for GPIOPadConfigSet
    gpio.o(i.GPIOPinTypeGPIOOutput) refers to gpio.o(i.GPIOPadConfigSet) for GPIOPadConfigSet
    gpio.o(i.GPIOPinTypeGPIOOutput) refers to gpio.o(i.GPIODirModeSet) for GPIODirModeSet
    gpio.o(i.GPIOPinTypeGPIOOutputOD) refers to gpio.o(i.GPIOPadConfigSet) for GPIOPadConfigSet
    gpio.o(i.GPIOPinTypeGPIOOutputOD) refers to gpio.o(i.GPIODirModeSet) for GPIODirModeSet
    gpio.o(i.GPIOPinTypeHibernateRTCCLK) refers to gpio.o(i.GPIODirModeSet) for GPIODirModeSet
    gpio.o(i.GPIOPinTypeHibernateRTCCLK) refers to gpio.o(i.GPIOPadConfigSet) for GPIOPadConfigSet
    gpio.o(i.GPIOPinTypeI2C) refers to gpio.o(i.GPIODirModeSet) for GPIODirModeSet
    gpio.o(i.GPIOPinTypeI2C) refers to gpio.o(i.GPIOPadConfigSet) for GPIOPadConfigSet
    gpio.o(i.GPIOPinTypeI2CSCL) refers to gpio.o(i.GPIODirModeSet) for GPIODirModeSet
    gpio.o(i.GPIOPinTypeI2CSCL) refers to gpio.o(i.GPIOPadConfigSet) for GPIOPadConfigSet
    gpio.o(i.GPIOPinTypeLCD) refers to gpio.o(i.GPIODirModeSet) for GPIODirModeSet
    gpio.o(i.GPIOPinTypeLCD) refers to gpio.o(i.GPIOPadConfigSet) for GPIOPadConfigSet
    gpio.o(i.GPIOPinTypeOneWire) refers to gpio.o(i.GPIODirModeSet) for GPIODirModeSet
    gpio.o(i.GPIOPinTypeOneWire) refers to gpio.o(i.GPIOPadConfigSet) for GPIOPadConfigSet
    gpio.o(i.GPIOPinTypePWM) refers to gpio.o(i.GPIODirModeSet) for GPIODirModeSet
    gpio.o(i.GPIOPinTypePWM) refers to gpio.o(i.GPIOPadConfigSet) for GPIOPadConfigSet
    gpio.o(i.GPIOPinTypeQEI) refers to gpio.o(i.GPIODirModeSet) for GPIODirModeSet
    gpio.o(i.GPIOPinTypeQEI) refers to gpio.o(i.GPIOPadConfigSet) for GPIOPadConfigSet
    gpio.o(i.GPIOPinTypeSSI) refers to gpio.o(i.GPIODirModeSet) for GPIODirModeSet
    gpio.o(i.GPIOPinTypeSSI) refers to gpio.o(i.GPIOPadConfigSet) for GPIOPadConfigSet
    gpio.o(i.GPIOPinTypeTimer) refers to gpio.o(i.GPIODirModeSet) for GPIODirModeSet
    gpio.o(i.GPIOPinTypeTimer) refers to gpio.o(i.GPIOPadConfigSet) for GPIOPadConfigSet
    gpio.o(i.GPIOPinTypeTrace) refers to gpio.o(i.GPIODirModeSet) for GPIODirModeSet
    gpio.o(i.GPIOPinTypeTrace) refers to gpio.o(i.GPIOPadConfigSet) for GPIOPadConfigSet
    gpio.o(i.GPIOPinTypeUART) refers to gpio.o(i.GPIODirModeSet) for GPIODirModeSet
    gpio.o(i.GPIOPinTypeUART) refers to gpio.o(i.GPIOPadConfigSet) for GPIOPadConfigSet
    gpio.o(i.GPIOPinTypeUSBAnalog) refers to gpio.o(i.GPIODirModeSet) for GPIODirModeSet
    gpio.o(i.GPIOPinTypeUSBAnalog) refers to gpio.o(i.GPIOPadConfigSet) for GPIOPadConfigSet
    gpio.o(i.GPIOPinTypeUSBDigital) refers to gpio.o(i.GPIODirModeSet) for GPIODirModeSet
    gpio.o(i.GPIOPinTypeUSBDigital) refers to gpio.o(i.GPIOPadConfigSet) for GPIOPadConfigSet
    gpio.o(i.GPIOPinTypeWakeHigh) refers to gpio.o(i.GPIODirModeSet) for GPIODirModeSet
    gpio.o(i.GPIOPinTypeWakeHigh) refers to gpio.o(i.GPIOPadConfigSet) for GPIOPadConfigSet
    gpio.o(i.GPIOPinTypeWakeLow) refers to gpio.o(i.GPIODirModeSet) for GPIODirModeSet
    gpio.o(i.GPIOPinTypeWakeLow) refers to gpio.o(i.GPIOPadConfigSet) for GPIOPadConfigSet
    gpio.o(i._GPIOIntNumberGet) refers to gpio.o(.constdata) for .constdata
    interrupt.o(i.IntDisable) refers to interrupt.o(.constdata) for .constdata
    interrupt.o(i.IntEnable) refers to interrupt.o(.constdata) for .constdata
    interrupt.o(i.IntIsEnabled) refers to interrupt.o(.constdata) for .constdata
    interrupt.o(i.IntMasterDisable) refers to cpu.o(.emb_text) for CPUcpsid
    interrupt.o(i.IntMasterEnable) refers to cpu.o(.emb_text) for CPUcpsie
    interrupt.o(i.IntPendClear) refers to interrupt.o(.constdata) for .constdata
    interrupt.o(i.IntPendSet) refers to interrupt.o(.constdata) for .constdata
    interrupt.o(i.IntPriorityGet) refers to interrupt.o(.constdata) for .constdata
    interrupt.o(i.IntPriorityGroupingGet) refers to interrupt.o(.constdata) for .constdata
    interrupt.o(i.IntPriorityGroupingSet) refers to interrupt.o(.constdata) for .constdata
    interrupt.o(i.IntPriorityMaskGet) refers to cpu.o(.emb_text) for CPUbasepriGet
    interrupt.o(i.IntPriorityMaskSet) refers to cpu.o(.emb_text) for CPUbasepriSet
    interrupt.o(i.IntPrioritySet) refers to interrupt.o(.constdata) for .constdata
    interrupt.o(i.IntRegister) refers to interrupt.o(vtable) for vtable
    interrupt.o(i.IntUnregister) refers to interrupt.o(i._IntDefaultHandler) for _IntDefaultHandler
    interrupt.o(i.IntUnregister) refers to interrupt.o(vtable) for vtable
    sysctl.o(i.SysCtlClockFreqSet) refers to sysctl.o(.constdata) for .constdata
    sysctl.o(i.SysCtlClockGet) refers to sysctl.o(.constdata) for .constdata
    sysctl.o(i.SysCtlClockSet) refers to sysctl.o(.emb_text) for SysCtlDelay
    sysctl.o(i.SysCtlDeepSleep) refers to cpu.o(.emb_text) for CPUwfi
    sysctl.o(i.SysCtlIntRegister) refers to interrupt.o(i.IntRegister) for IntRegister
    sysctl.o(i.SysCtlIntRegister) refers to interrupt.o(i.IntEnable) for IntEnable
    sysctl.o(i.SysCtlIntUnregister) refers to interrupt.o(i.IntDisable) for IntDisable
    sysctl.o(i.SysCtlIntUnregister) refers to interrupt.o(i.IntUnregister) for IntUnregister
    sysctl.o(i.SysCtlSleep) refers to cpu.o(.emb_text) for CPUwfi
    sysctl.o(i.SysCtlVCOGet) refers to sysctl.o(.constdata) for .constdata
    entry.o(.ARM.Collect$$$$00000000) refers (Special) to entry10a.o(.ARM.Collect$$$$0000000D) for __rt_final_cpp
    entry.o(.ARM.Collect$$$$00000000) refers (Special) to entry11a.o(.ARM.Collect$$$$0000000F) for __rt_final_exit
    entry.o(.ARM.Collect$$$$00000000) refers (Special) to entry7b.o(.ARM.Collect$$$$00000008) for _main_clock
    entry.o(.ARM.Collect$$$$00000000) refers (Special) to entry8b.o(.ARM.Collect$$$$0000000A) for _main_cpp_init
    entry.o(.ARM.Collect$$$$00000000) refers (Special) to entry9a.o(.ARM.Collect$$$$0000000B) for _main_init
    entry.o(.ARM.Collect$$$$00000000) refers (Special) to entry5.o(.ARM.Collect$$$$00000004) for _main_scatterload
    entry.o(.ARM.Collect$$$$00000000) refers (Special) to entry2.o(.ARM.Collect$$$$00000001) for _main_stk
    dadd.o(.text) refers (Special) to iusefp.o(.text) for __I$use$fp
    dadd.o(.text) refers to llshl.o(.text) for __aeabi_llsl
    dadd.o(.text) refers to llsshr.o(.text) for __aeabi_lasr
    dadd.o(.text) refers to depilogue.o(.text) for _double_epilogue
    dmul.o(.text) refers (Special) to iusefp.o(.text) for __I$use$fp
    dmul.o(.text) refers to depilogue.o(.text) for _double_epilogue
    dfixui.o(.text) refers (Special) to iusefp.o(.text) for __I$use$fp
    dfixui.o(.text) refers to llushr.o(.text) for __aeabi_llsr
    f2d.o(.text) refers (Special) to iusefp.o(.text) for __I$use$fp
    entry2.o(.ARM.Collect$$$$00000001) refers to entry2.o(.ARM.Collect$$$$00002712) for __lit__00000000
    entry2.o(.ARM.Collect$$$$00002712) refers to startup_rvmdk.o(STACK) for __initial_sp
    entry2.o(__vectab_stack_and_reset_area) refers to startup_rvmdk.o(STACK) for __initial_sp
    entry2.o(__vectab_stack_and_reset_area) refers to entry.o(.ARM.Collect$$$$00000000) for __main
    entry5.o(.ARM.Collect$$$$00000004) refers to init.o(.text) for __scatterload
    entry9a.o(.ARM.Collect$$$$0000000B) refers to project0_c.o(i.main) for main
    entry9b.o(.ARM.Collect$$$$0000000C) refers to project0_c.o(i.main) for main
    depilogue.o(.text) refers to llshl.o(.text) for __aeabi_llsl
    depilogue.o(.text) refers to llushr.o(.text) for __aeabi_llsr
    init.o(.text) refers to entry5.o(.ARM.Collect$$$$00000004) for __main_after_scatterload


==============================================================================

Removing Unused input sections from the image.

    Removing project0_c.o(i.UART9BitAddrSend), (38 bytes).
    Removing project0_c.o(i.UART9BitAddrSet), (8 bytes).
    Removing project0_c.o(i.UART9BitDisable), (12 bytes).
    Removing project0_c.o(i.UART9BitEnable), (12 bytes).
    Removing project0_c.o(i.UARTBreakCtl), (20 bytes).
    Removing project0_c.o(i.UARTBusy), (8 bytes).
    Removing project0_c.o(i.UARTCharGet), (10 bytes).
    Removing project0_c.o(i.UARTCharGetNonBlocking), (16 bytes).
    Removing project0_c.o(i.UARTCharPut), (10 bytes).
    Removing project0_c.o(i.UARTCharPutNonBlocking), (16 bytes).
    Removing project0_c.o(i.UARTCharsAvail), (10 bytes).
    Removing project0_c.o(i.UARTClockSourceGet), (6 bytes).
    Removing project0_c.o(i.UARTClockSourceSet), (6 bytes).
    Removing project0_c.o(i.UARTConfigGetExpClk), (40 bytes).
    Removing project0_c.o(i.UARTConfigSetExpClk), (72 bytes).
    Removing project0_c.o(i.UARTDMADisable), (8 bytes).
    Removing project0_c.o(i.UARTDMAEnable), (8 bytes).
    Removing project0_c.o(i.UARTDisable), (26 bytes).
    Removing project0_c.o(i.UARTDisableSIR), (10 bytes).
    Removing project0_c.o(i.UARTEnable), (20 bytes).
    Removing project0_c.o(i.UARTEnableSIR), (20 bytes).
    Removing project0_c.o(i.UARTFIFODisable), (10 bytes).
    Removing project0_c.o(i.UARTFIFOEnable), (10 bytes).
    Removing project0_c.o(i.UARTFIFOLevelGet), (16 bytes).
    Removing project0_c.o(i.UARTFIFOLevelSet), (6 bytes).
    Removing project0_c.o(i.UARTFlowControlGet), (8 bytes).
    Removing project0_c.o(i.UARTFlowControlSet), (12 bytes).
    Removing project0_c.o(i.UARTIntClear), (4 bytes).
    Removing project0_c.o(i.UARTIntDisable), (8 bytes).
    Removing project0_c.o(i.UARTIntEnable), (8 bytes).
    Removing project0_c.o(i.UARTIntRegister), (26 bytes).
    Removing project0_c.o(i.UARTIntStatus), (10 bytes).
    Removing project0_c.o(i.UARTIntUnregister), (22 bytes).
    Removing project0_c.o(i.UARTLoopbackEnable), (10 bytes).
    Removing project0_c.o(i.UARTModemControlClear), (12 bytes).
    Removing project0_c.o(i.UARTModemControlGet), (8 bytes).
    Removing project0_c.o(i.UARTModemControlSet), (12 bytes).
    Removing project0_c.o(i.UARTModemStatusGet), (10 bytes).
    Removing project0_c.o(i.UARTParityModeGet), (8 bytes).
    Removing project0_c.o(i.UARTParityModeSet), (12 bytes).
    Removing project0_c.o(i.UARTRxErrorClear), (6 bytes).
    Removing project0_c.o(i.UARTRxErrorGet), (8 bytes).
    Removing project0_c.o(i.UARTSmartCardDisable), (10 bytes).
    Removing project0_c.o(i.UARTSmartCardEnable), (22 bytes).
    Removing project0_c.o(i.UARTSpaceAvail), (10 bytes).
    Removing project0_c.o(i.UARTTxIntModeGet), (8 bytes).
    Removing project0_c.o(i.UARTTxIntModeSet), (12 bytes).
    Removing project0_c.o(i.UARTgetc), (24 bytes).
    Removing project0_c.o(i.UARTgets), (132 bytes).
    Removing project0_c.o(i._UARTIntNumberGet), (68 bytes).
    Removing startup_rvmdk.o(HEAP), (0 bytes).
    Removing startup_rvmdk.o(.text), (0 bytes).
    Removing adc.o(i.ADCBusy), (8 bytes).
    Removing adc.o(i.ADCClockConfigGet), (32 bytes).
    Removing adc.o(i.ADCClockConfigSet), (28 bytes).
    Removing adc.o(i.ADCComparatorConfigure), (10 bytes).
    Removing adc.o(i.ADCComparatorIntClear), (4 bytes).
    Removing adc.o(i.ADCComparatorIntDisable), (18 bytes).
    Removing adc.o(i.ADCComparatorIntEnable), (16 bytes).
    Removing adc.o(i.ADCComparatorIntStatus), (4 bytes).
    Removing adc.o(i.ADCComparatorRegionSet), (14 bytes).
    Removing adc.o(i.ADCComparatorReset), (40 bytes).
    Removing adc.o(i.ADCHardwareOversampleConfigure), (18 bytes).
    Removing adc.o(i.ADCIntClearEx), (4 bytes).
    Removing adc.o(i.ADCIntDisable), (16 bytes).
    Removing adc.o(i.ADCIntDisableEx), (10 bytes).
    Removing adc.o(i.ADCIntEnable), (16 bytes).
    Removing adc.o(i.ADCIntEnableEx), (8 bytes).
    Removing adc.o(i.ADCIntRegister), (104 bytes).
    Removing adc.o(i.ADCIntStatusEx), (22 bytes).
    Removing adc.o(i.ADCIntUnregister), (108 bytes).
    Removing adc.o(i.ADCPhaseDelayGet), (4 bytes).
    Removing adc.o(i.ADCPhaseDelaySet), (4 bytes).
    Removing adc.o(i.ADCReferenceGet), (8 bytes).
    Removing adc.o(i.ADCReferenceSet), (12 bytes).
    Removing adc.o(i.ADCSequenceDMADisable), (18 bytes).
    Removing adc.o(i.ADCSequenceDMAEnable), (16 bytes).
    Removing adc.o(i.ADCSequenceDisable), (16 bytes).
    Removing adc.o(i.ADCSequenceOverflow), (12 bytes).
    Removing adc.o(i.ADCSequenceOverflowClear), (10 bytes).
    Removing adc.o(i.ADCSequenceUnderflow), (12 bytes).
    Removing adc.o(i.ADCSequenceUnderflowClear), (10 bytes).
    Removing adc.o(i.ADCSoftwareOversampleConfigure), (44 bytes).
    Removing adc.o(i.ADCSoftwareOversampleDataGet), (88 bytes).
    Removing adc.o(i.ADCSoftwareOversampleStepConfigure), (168 bytes).
    Removing adc.o(.data), (6 bytes).
    Removing gpio.o(i.GPIOADCTriggerDisable), (14 bytes).
    Removing gpio.o(i.GPIOADCTriggerEnable), (12 bytes).
    Removing gpio.o(i.GPIODMATriggerDisable), (14 bytes).
    Removing gpio.o(i.GPIODMATriggerEnable), (12 bytes).
    Removing gpio.o(i.GPIODirModeGet), (34 bytes).
    Removing gpio.o(i.GPIOIntClear), (6 bytes).
    Removing gpio.o(i.GPIOIntDisable), (14 bytes).
    Removing gpio.o(i.GPIOIntEnable), (12 bytes).
    Removing gpio.o(i.GPIOIntRegister), (26 bytes).
    Removing gpio.o(i.GPIOIntRegisterPin), (30 bytes).
    Removing gpio.o(i.GPIOIntStatus), (14 bytes).
    Removing gpio.o(i.GPIOIntTypeGet), (68 bytes).
    Removing gpio.o(i.GPIOIntTypeSet), (80 bytes).
    Removing gpio.o(i.GPIOIntUnregister), (22 bytes).
    Removing gpio.o(i.GPIOIntUnregisterPin), (26 bytes).
    Removing gpio.o(i.GPIOPadConfigGet), (204 bytes).
    Removing gpio.o(i.GPIOPinRead), (6 bytes).
    Removing gpio.o(i.GPIOPinTypeADC), (28 bytes).
    Removing gpio.o(i.GPIOPinTypeCAN), (28 bytes).
    Removing gpio.o(i.GPIOPinTypeComparator), (28 bytes).
    Removing gpio.o(i.GPIOPinTypeComparatorOutput), (28 bytes).
    Removing gpio.o(i.GPIOPinTypeDIVSCLK), (28 bytes).
    Removing gpio.o(i.GPIOPinTypeEPI), (28 bytes).
    Removing gpio.o(i.GPIOPinTypeEthernetLED), (28 bytes).
    Removing gpio.o(i.GPIOPinTypeEthernetMII), (28 bytes).
    Removing gpio.o(i.GPIOPinTypeGPIOInput), (28 bytes).
    Removing gpio.o(i.GPIOPinTypeGPIOOutput), (28 bytes).
    Removing gpio.o(i.GPIOPinTypeGPIOOutputOD), (28 bytes).
    Removing gpio.o(i.GPIOPinTypeHibernateRTCCLK), (28 bytes).
    Removing gpio.o(i.GPIOPinTypeI2C), (28 bytes).
    Removing gpio.o(i.GPIOPinTypeI2CSCL), (28 bytes).
    Removing gpio.o(i.GPIOPinTypeLCD), (28 bytes).
    Removing gpio.o(i.GPIOPinTypeOneWire), (28 bytes).
    Removing gpio.o(i.GPIOPinTypePWM), (28 bytes).
    Removing gpio.o(i.GPIOPinTypeQEI), (28 bytes).
    Removing gpio.o(i.GPIOPinTypeSSI), (28 bytes).
    Removing gpio.o(i.GPIOPinTypeTimer), (28 bytes).
    Removing gpio.o(i.GPIOPinTypeTrace), (28 bytes).
    Removing gpio.o(i.GPIOPinTypeUSBAnalog), (28 bytes).
    Removing gpio.o(i.GPIOPinTypeUSBDigital), (28 bytes).
    Removing gpio.o(i.GPIOPinTypeWakeHigh), (30 bytes).
    Removing gpio.o(i.GPIOPinTypeWakeLow), (30 bytes).
    Removing gpio.o(i.GPIOPinWakeStatus), (6 bytes).
    Removing gpio.o(i.GPIOPinWrite), (6 bytes).
    Removing gpio.o(i._GPIOIntNumberGet), (80 bytes).
    Removing interrupt.o(i.IntDisable), (100 bytes).
    Removing interrupt.o(i.IntEnable), (100 bytes).
    Removing interrupt.o(i.IntIsEnabled), (96 bytes).
    Removing interrupt.o(i.IntMasterDisable), (14 bytes).
    Removing interrupt.o(i.IntMasterEnable), (14 bytes).
    Removing interrupt.o(i.IntPendClear), (68 bytes).
    Removing interrupt.o(i.IntPendSet), (84 bytes).
    Removing interrupt.o(i.IntPriorityGet), (28 bytes).
    Removing interrupt.o(i.IntPriorityGroupingGet), (36 bytes).
    Removing interrupt.o(i.IntPriorityGroupingSet), (28 bytes).
    Removing interrupt.o(i.IntPriorityMaskGet), (4 bytes).
    Removing interrupt.o(i.IntPriorityMaskSet), (4 bytes).
    Removing interrupt.o(i.IntPrioritySet), (40 bytes).
    Removing interrupt.o(i.IntRegister), (52 bytes).
    Removing interrupt.o(i.IntTrigger), (12 bytes).
    Removing interrupt.o(i.IntUnregister), (20 bytes).
    Removing interrupt.o(i._IntDefaultHandler), (2 bytes).
    Removing interrupt.o(.constdata), (268 bytes).
    Removing interrupt.o(vtable), (620 bytes).
    Removing sysctl.o(i.SysCtlAltClkConfig), (12 bytes).
    Removing sysctl.o(i.SysCtlClockFreqSet), (740 bytes).
    Removing sysctl.o(i.SysCtlClockOutConfig), (20 bytes).
    Removing sysctl.o(i.SysCtlDeepSleep), (32 bytes).
    Removing sysctl.o(i.SysCtlDeepSleepClockConfigSet), (112 bytes).
    Removing sysctl.o(i.SysCtlDeepSleepClockSet), (12 bytes).
    Removing sysctl.o(i.SysCtlDeepSleepPowerSet), (12 bytes).
    Removing sysctl.o(i.SysCtlFlashSectorSizeGet), (56 bytes).
    Removing sysctl.o(i.SysCtlFlashSizeGet), (56 bytes).
    Removing sysctl.o(i.SysCtlGPIOAHBDisable), (28 bytes).
    Removing sysctl.o(i.SysCtlGPIOAHBEnable), (24 bytes).
    Removing sysctl.o(i.SysCtlIntClear), (12 bytes).
    Removing sysctl.o(i.SysCtlIntDisable), (16 bytes).
    Removing sysctl.o(i.SysCtlIntEnable), (16 bytes).
    Removing sysctl.o(i.SysCtlIntRegister), (20 bytes).
    Removing sysctl.o(i.SysCtlIntStatus), (16 bytes).
    Removing sysctl.o(i.SysCtlIntUnregister), (18 bytes).
    Removing sysctl.o(i.SysCtlLDODeepSleepGet), (12 bytes).
    Removing sysctl.o(i.SysCtlLDODeepSleepSet), (12 bytes).
    Removing sysctl.o(i.SysCtlLDOSleepGet), (12 bytes).
    Removing sysctl.o(i.SysCtlLDOSleepSet), (12 bytes).
    Removing sysctl.o(i.SysCtlMOSCConfigSet), (12 bytes).
    Removing sysctl.o(i.SysCtlNMIClear), (16 bytes).
    Removing sysctl.o(i.SysCtlNMIStatus), (12 bytes).
    Removing sysctl.o(i.SysCtlPIOSCCalibrate), (76 bytes).
    Removing sysctl.o(i.SysCtlPWMClockGet), (24 bytes).
    Removing sysctl.o(i.SysCtlPWMClockSet), (20 bytes).
    Removing sysctl.o(i.SysCtlPeripheralClockGating), (68 bytes).
    Removing sysctl.o(i.SysCtlPeripheralDeepSleepDisable), (40 bytes).
    Removing sysctl.o(i.SysCtlPeripheralDeepSleepEnable), (40 bytes).
    Removing sysctl.o(i.SysCtlPeripheralDisable), (40 bytes).
    Removing sysctl.o(i.SysCtlPeripheralPowerOff), (40 bytes).
    Removing sysctl.o(i.SysCtlPeripheralPowerOn), (40 bytes).
    Removing sysctl.o(i.SysCtlPeripheralPresent), (44 bytes).
    Removing sysctl.o(i.SysCtlPeripheralReady), (44 bytes).
    Removing sysctl.o(i.SysCtlPeripheralReset), (60 bytes).
    Removing sysctl.o(i.SysCtlPeripheralSleepDisable), (40 bytes).
    Removing sysctl.o(i.SysCtlPeripheralSleepEnable), (40 bytes).
    Removing sysctl.o(i.SysCtlReset), (16 bytes).
    Removing sysctl.o(i.SysCtlResetBehaviorGet), (12 bytes).
    Removing sysctl.o(i.SysCtlResetBehaviorSet), (12 bytes).
    Removing sysctl.o(i.SysCtlResetCauseClear), (16 bytes).
    Removing sysctl.o(i.SysCtlResetCauseGet), (12 bytes).
    Removing sysctl.o(i.SysCtlSRAMSizeGet), (16 bytes).
    Removing sysctl.o(i.SysCtlSleep), (4 bytes).
    Removing sysctl.o(i.SysCtlSleepPowerSet), (12 bytes).
    Removing sysctl.o(i.SysCtlUSBPLLDisable), (16 bytes).
    Removing sysctl.o(i.SysCtlUSBPLLEnable), (16 bytes).
    Removing sysctl.o(i.SysCtlVCOGet), (120 bytes).
    Removing sysctl.o(i.SysCtlVoltageEventClear), (16 bytes).
    Removing sysctl.o(i.SysCtlVoltageEventConfig), (12 bytes).
    Removing sysctl.o(i.SysCtlVoltageEventStatus), (12 bytes).
    Removing cpu.o(.emb_text), (38 bytes).

203 unused section(s) (total 7012 bytes) removed from the image.

==============================================================================

Image Symbol Table

    Local Symbols

    Symbol Name                              Value     Ov Type        Size  Object(Section)

    RESET                                    0x00000000   Section      648  startup_rvmdk.o(RESET)
    ../clib/microlib/init/entry.s            0x00000000   Number         0  entry10b.o ABSOLUTE
    ../clib/microlib/init/entry.s            0x00000000   Number         0  entry2.o ABSOLUTE
    ../clib/microlib/init/entry.s            0x00000000   Number         0  entry8b.o ABSOLUTE
    ../clib/microlib/init/entry.s            0x00000000   Number         0  entry8a.o ABSOLUTE
    ../clib/microlib/init/entry.s            0x00000000   Number         0  entry11b.o ABSOLUTE
    ../clib/microlib/init/entry.s            0x00000000   Number         0  entry7b.o ABSOLUTE
    ../clib/microlib/init/entry.s            0x00000000   Number         0  entry11a.o ABSOLUTE
    ../clib/microlib/init/entry.s            0x00000000   Number         0  entry7a.o ABSOLUTE
    ../clib/microlib/init/entry.s            0x00000000   Number         0  entry.o ABSOLUTE
    ../clib/microlib/init/entry.s            0x00000000   Number         0  entry10a.o ABSOLUTE
    ../clib/microlib/init/entry.s            0x00000000   Number         0  entry9b.o ABSOLUTE
    ../clib/microlib/init/entry.s            0x00000000   Number         0  entry5.o ABSOLUTE
    ../clib/microlib/init/entry.s            0x00000000   Number         0  entry9a.o ABSOLUTE
    ../clib/microlib/longlong.c              0x00000000   Number         0  llsshr.o ABSOLUTE
    ../clib/microlib/longlong.c              0x00000000   Number         0  llshl.o ABSOLUTE
    ../clib/microlib/longlong.c              0x00000000   Number         0  llushr.o ABSOLUTE
    ../clib/microlib/stubs.s                 0x00000000   Number         0  iusefp.o ABSOLUTE
    ../fplib/microlib/f2d.c                  0x00000000   Number         0  f2d.o ABSOLUTE
    ../fplib/microlib/fpadd.c                0x00000000   Number         0  dadd.o ABSOLUTE
    ../fplib/microlib/fpepilogue.c           0x00000000   Number         0  depilogue.o ABSOLUTE
    ../fplib/microlib/fpfix.c                0x00000000   Number         0  dfixui.o ABSOLUTE
    ../fplib/microlib/fpmul.c                0x00000000   Number         0  dmul.o ABSOLUTE
    adc.c                                    0x00000000   Number         0  adc.o ABSOLUTE
    cpu.c                                    0x00000000   Number         0  cpu.o ABSOLUTE
    cpu.c                                    0x00000000   Number         0  cpu.o ABSOLUTE
    dc.s                                     0x00000000   Number         0  dc.o ABSOLUTE
    gpio.c                                   0x00000000   Number         0  gpio.o ABSOLUTE
    handlers.s                               0x00000000   Number         0  handlers.o ABSOLUTE
    init.s                                   0x00000000   Number         0  init.o ABSOLUTE
    interrupt.c                              0x00000000   Number         0  interrupt.o ABSOLUTE
    project0_c.c                             0x00000000   Number         0  project0_c.o ABSOLUTE
    startup_rvmdk.S                          0x00000000   Number         0  startup_rvmdk.o ABSOLUTE
    sysctl.c                                 0x00000000   Number         0  sysctl.o ABSOLUTE
    sysctl.c                                 0x00000000   Number         0  sysctl.o ABSOLUTE
    $v0                                      0x0000026c   Number         0  startup_rvmdk.o(RESET)
    NmiSR                                    0x00000281   Thumb Code     0  startup_rvmdk.o(RESET)
    FaultISR                                 0x00000283   Thumb Code     0  startup_rvmdk.o(RESET)
    IntDefaultHandler                        0x00000285   Thumb Code     0  startup_rvmdk.o(RESET)
    .ARM.Collect$$$$00000000                 0x00000288   Section        0  entry.o(.ARM.Collect$$$$00000000)
    .ARM.Collect$$$$00000001                 0x00000288   Section        4  entry2.o(.ARM.Collect$$$$00000001)
    .ARM.Collect$$$$00000004                 0x0000028c   Section        4  entry5.o(.ARM.Collect$$$$00000004)
    .ARM.Collect$$$$00000008                 0x00000290   Section        0  entry7b.o(.ARM.Collect$$$$00000008)
    .ARM.Collect$$$$0000000A                 0x00000290   Section        0  entry8b.o(.ARM.Collect$$$$0000000A)
    .ARM.Collect$$$$0000000B                 0x00000290   Section        8  entry9a.o(.ARM.Collect$$$$0000000B)
    .ARM.Collect$$$$0000000D                 0x00000298   Section        0  entry10a.o(.ARM.Collect$$$$0000000D)
    .ARM.Collect$$$$0000000F                 0x00000298   Section        0  entry11a.o(.ARM.Collect$$$$0000000F)
    .ARM.Collect$$$$00002712                 0x00000298   Section        4  entry2.o(.ARM.Collect$$$$00002712)
    __lit__00000000                          0x00000298   Data           4  entry2.o(.ARM.Collect$$$$00002712)
    .emb_text                                0x0000029c   Section        6  sysctl.o(.emb_text)
    $v0                                      0x0000029c   Number         0  sysctl.o(.emb_text)
    .text                                    0x000002a2   Section        0  dadd.o(.text)
    .text                                    0x000003f0   Section        0  dmul.o(.text)
    .text                                    0x000004d4   Section        0  dfixui.o(.text)
    .text                                    0x00000506   Section        0  f2d.o(.text)
    .text                                    0x0000052c   Section        0  llshl.o(.text)
    .text                                    0x0000054a   Section        0  llushr.o(.text)
    .text                                    0x0000056a   Section        0  llsshr.o(.text)
    .text                                    0x0000058e   Section        0  iusefp.o(.text)
    .text                                    0x0000058e   Section        0  depilogue.o(.text)
    .text                                    0x0000064c   Section       36  init.o(.text)
    i.ADCIntClear                            0x00000670   Section        0  adc.o(i.ADCIntClear)
    i.ADCIntStatus                           0x0000067a   Section        0  adc.o(i.ADCIntStatus)
    i.ADCProcessorTrigger                    0x000006ae   Section        0  adc.o(i.ADCProcessorTrigger)
    i.ADCSequenceConfigure                   0x000006c8   Section        0  adc.o(i.ADCSequenceConfigure)
    i.ADCSequenceDataGet                     0x00000728   Section        0  adc.o(i.ADCSequenceDataGet)
    i.ADCSequenceEnable                      0x0000074c   Section        0  adc.o(i.ADCSequenceEnable)
    i.ADCSequenceStepConfigure               0x0000075a   Section        0  adc.o(i.ADCSequenceStepConfigure)
    i.GPIODirModeSet                         0x000007f4   Section        0  gpio.o(i.GPIODirModeSet)
    i.GPIOPadConfigSet                       0x0000081c   Section        0  gpio.o(i.GPIOPadConfigSet)
    i.GPIOPinConfigure                       0x00000954   Section        0  gpio.o(i.GPIOPinConfigure)
    i.GPIOPinTypeUART                        0x00000998   Section        0  gpio.o(i.GPIOPinTypeUART)
    i.InitConsole                            0x000009b4   Section        0  project0_c.o(i.InitConsole)
    i.SysCtlClockGet                         0x00000a08   Section        0  sysctl.o(i.SysCtlClockGet)
    i.SysCtlClockSet                         0x00000b5c   Section        0  sysctl.o(i.SysCtlClockSet)
    i.SysCtlPeripheralEnable                 0x00000c7c   Section        0  sysctl.o(i.SysCtlPeripheralEnable)
    i.UARTStdioConfig                        0x00000ca4   Section        0  project0_c.o(i.UARTStdioConfig)
    i.UARTprintf                             0x00000d00   Section        0  project0_c.o(i.UARTprintf)
    i.UARTvprintf                            0x00000d14   Section        0  project0_c.o(i.UARTvprintf)
    i.UARTwrite                              0x00000ec8   Section        0  project0_c.o(i.UARTwrite)
    i.__scatterload_copy                     0x00000f04   Section       14  handlers.o(i.__scatterload_copy)
    i.__scatterload_null                     0x00000f12   Section        2  handlers.o(i.__scatterload_null)
    i.__scatterload_zeroinit                 0x00000f14   Section       14  handlers.o(i.__scatterload_zeroinit)
    i.main                                   0x00000f24   Section        0  project0_c.o(i.main)
    .constdata                               0x000010d4   Section      156  project0_c.o(.constdata)
    g_pcHex                                  0x000010d4   Data           4  project0_c.o(.constdata)
    g_ppui32UARTIntMap                       0x000010d8   Data          64  project0_c.o(.constdata)
    g_ppui32UARTIntMapSnowflake              0x00001118   Data          64  project0_c.o(.constdata)
    g_ui32UARTBase                           0x00001158   Data          12  project0_c.o(.constdata)
    g_ui32UARTPeriph                         0x00001164   Data          12  project0_c.o(.constdata)
    .constdata                               0x00001170   Section      552  gpio.o(.constdata)
    g_ppui32GPIOIntMapBlizzard               0x00001170   Data         192  gpio.o(.constdata)
    g_ppui32GPIOIntMapSnowflake              0x00001230   Data         216  gpio.o(.constdata)
    g_pui32GPIOBaseAddrs                     0x00001308   Data         144  gpio.o(.constdata)
    .constdata                               0x00001398   Section      596  sysctl.o(.constdata)
    g_pui32VCOFrequencies                    0x00001398   Data           8  sysctl.o(.constdata)
    g_pui32Xtals                             0x000013a0   Data         108  sysctl.o(.constdata)
    g_pppui32XTALtoVCO                       0x0000140c   Data         432  sysctl.o(.constdata)
    g_sXTALtoMEMTIM                          0x000015bc   Data          48  sysctl.o(.constdata)
    .conststring                             0x000015ec   Section       17  project0_c.o(.conststring)
    .data                                    0x20000000   Section        8  project0_c.o(.data)
    bLastWasCR                               0x20000000   Data           1  project0_c.o(.data)
    g_ui32Base                               0x20000004   Data           4  project0_c.o(.data)
    STACK                                    0x20000008   Section      256  startup_rvmdk.o(STACK)
    StackMem                                 0x20000008   Data           0  startup_rvmdk.o(STACK)

    Global Symbols

    Symbol Name                              Value     Ov Type        Size  Object(Section)

    BuildAttributes$$THM_ISAv4$E$P$D$K$B$S$7EM$VFPi3$EXTD16$VFPS$VFMA$PE$A:L22UL41UL21$X:L11$S22US41US21$IEEE1$IW$USESV6$~STKCKD$USESV7$~SHL$OTIME$ROPI$EBA8$MICROLIB$REQ8$PRES8$EABIv2 0x00000000   Number         0  anon$$obj.o ABSOLUTE
    __ARM_use_no_argv                        0x00000000   Number         0  project0_c.o ABSOLUTE
    __Vectors                                0x00000000   Data           0  startup_rvmdk.o(RESET)
    __cpp_initialize__aeabi_                  - Undefined Weak Reference
    __cxa_finalize                            - Undefined Weak Reference
    __decompress                              - Undefined Weak Reference
    _clock_init                               - Undefined Weak Reference
    _microlib_exit                            - Undefined Weak Reference
    Reset_Handler                            0x0000026d   Thumb Code     0  startup_rvmdk.o(RESET)
    __main                                   0x00000289   Thumb Code     0  entry.o(.ARM.Collect$$$$00000000)
    _main_stk                                0x00000289   Thumb Code     0  entry2.o(.ARM.Collect$$$$00000001)
    _main_scatterload                        0x0000028d   Thumb Code     0  entry5.o(.ARM.Collect$$$$00000004)
    __main_after_scatterload                 0x00000291   Thumb Code     0  entry5.o(.ARM.Collect$$$$00000004)
    _main_clock                              0x00000291   Thumb Code     0  entry7b.o(.ARM.Collect$$$$00000008)
    _main_cpp_init                           0x00000291   Thumb Code     0  entry8b.o(.ARM.Collect$$$$0000000A)
    _main_init                               0x00000291   Thumb Code     0  entry9a.o(.ARM.Collect$$$$0000000B)
    __rt_final_cpp                           0x00000299   Thumb Code     0  entry10a.o(.ARM.Collect$$$$0000000D)
    __rt_final_exit                          0x00000299   Thumb Code     0  entry11a.o(.ARM.Collect$$$$0000000F)
    SysCtlDelay                              0x0000029d   Thumb Code     6  sysctl.o(.emb_text)
    __aeabi_dadd                             0x000002a3   Thumb Code   322  dadd.o(.text)
    __aeabi_dsub                             0x000003e5   Thumb Code     6  dadd.o(.text)
    __aeabi_drsub                            0x000003eb   Thumb Code     6  dadd.o(.text)
    __aeabi_dmul                             0x000003f1   Thumb Code   228  dmul.o(.text)
    __aeabi_d2uiz                            0x000004d5   Thumb Code    50  dfixui.o(.text)
    __aeabi_f2d                              0x00000507   Thumb Code    38  f2d.o(.text)
    __aeabi_llsl                             0x0000052d   Thumb Code    30  llshl.o(.text)
    _ll_shift_l                              0x0000052d   Thumb Code     0  llshl.o(.text)
    __aeabi_llsr                             0x0000054b   Thumb Code    32  llushr.o(.text)
    _ll_ushift_r                             0x0000054b   Thumb Code     0  llushr.o(.text)
    __aeabi_lasr                             0x0000056b   Thumb Code    36  llsshr.o(.text)
    _ll_sshift_r                             0x0000056b   Thumb Code     0  llsshr.o(.text)
    __I$use$fp                               0x0000058f   Thumb Code     0  iusefp.o(.text)
    _double_round                            0x0000058f   Thumb Code    26  depilogue.o(.text)
    _double_epilogue                         0x000005a9   Thumb Code   164  depilogue.o(.text)
    __scatterload                            0x0000064d   Thumb Code    28  init.o(.text)
    __scatterload_rt2                        0x0000064d   Thumb Code     0  init.o(.text)
    ADCIntClear                              0x00000671   Thumb Code    10  adc.o(i.ADCIntClear)
    ADCIntStatus                             0x0000067b   Thumb Code    52  adc.o(i.ADCIntStatus)
    ADCProcessorTrigger                      0x000006af   Thumb Code    26  adc.o(i.ADCProcessorTrigger)
    ADCSequenceConfigure                     0x000006c9   Thumb Code    96  adc.o(i.ADCSequenceConfigure)
    ADCSequenceDataGet                       0x00000729   Thumb Code    36  adc.o(i.ADCSequenceDataGet)
    ADCSequenceEnable                        0x0000074d   Thumb Code    14  adc.o(i.ADCSequenceEnable)
    ADCSequenceStepConfigure                 0x0000075b   Thumb Code   154  adc.o(i.ADCSequenceStepConfigure)
    GPIODirModeSet                           0x000007f5   Thumb Code    40  gpio.o(i.GPIODirModeSet)
    GPIOPadConfigSet                         0x0000081d   Thumb Code   312  gpio.o(i.GPIOPadConfigSet)
    GPIOPinConfigure                         0x00000955   Thumb Code    60  gpio.o(i.GPIOPinConfigure)
    GPIOPinTypeUART                          0x00000999   Thumb Code    28  gpio.o(i.GPIOPinTypeUART)
    InitConsole                              0x000009b5   Thumb Code    66  project0_c.o(i.InitConsole)
    SysCtlClockGet                           0x00000a09   Thumb Code   304  sysctl.o(i.SysCtlClockGet)
    SysCtlClockSet                           0x00000b5d   Thumb Code   270  sysctl.o(i.SysCtlClockSet)
    SysCtlPeripheralEnable                   0x00000c7d   Thumb Code    36  sysctl.o(i.SysCtlPeripheralEnable)
    UARTStdioConfig                          0x00000ca5   Thumb Code    82  project0_c.o(i.UARTStdioConfig)
    UARTprintf                               0x00000d01   Thumb Code    18  project0_c.o(i.UARTprintf)
    UARTvprintf                              0x00000d15   Thumb Code   420  project0_c.o(i.UARTvprintf)
    UARTwrite                                0x00000ec9   Thumb Code    56  project0_c.o(i.UARTwrite)
    __scatterload_copy                       0x00000f05   Thumb Code    14  handlers.o(i.__scatterload_copy)
    __scatterload_null                       0x00000f13   Thumb Code     2  handlers.o(i.__scatterload_null)
    __scatterload_zeroinit                   0x00000f15   Thumb Code    14  handlers.o(i.__scatterload_zeroinit)
    main                                     0x00000f25   Thumb Code   232  project0_c.o(i.main)
    Region$$Table$$Base                      0x00001600   Number         0  anon$$obj.o(Region$$Table)
    Region$$Table$$Limit                     0x00001620   Number         0  anon$$obj.o(Region$$Table)
    __initial_sp                             0x20000108   Data           0  startup_rvmdk.o(STACK)



==============================================================================

Memory Map of the image

  Image Entry point : 0x0000026d

  Load Region LR_IROM (Base: 0x00000000, Size: 0x00001628, Max: 0x00040000, ABSOLUTE)

    Execution Region ER_IROM (Base: 0x00000000, Size: 0x00001620, Max: 0x00040000, ABSOLUTE)

    Base Addr    Size         Type   Attr      Idx    E Section Name        Object

    0x00000000   0x00000288   Code   RO          408  * RESET               startup_rvmdk.o
    0x00000288   0x00000000   Code   RO         1472  * .ARM.Collect$$$$00000000  mc_w.l(entry.o)
    0x00000288   0x00000004   Code   RO         1483    .ARM.Collect$$$$00000001  mc_w.l(entry2.o)
    0x0000028c   0x00000004   Code   RO         1486    .ARM.Collect$$$$00000004  mc_w.l(entry5.o)
    0x00000290   0x00000000   Code   RO         1488    .ARM.Collect$$$$00000008  mc_w.l(entry7b.o)
    0x00000290   0x00000000   Code   RO         1490    .ARM.Collect$$$$0000000A  mc_w.l(entry8b.o)
    0x00000290   0x00000008   Code   RO         1491    .ARM.Collect$$$$0000000B  mc_w.l(entry9a.o)
    0x00000298   0x00000000   Code   RO         1493    .ARM.Collect$$$$0000000D  mc_w.l(entry10a.o)
    0x00000298   0x00000000   Code   RO         1495    .ARM.Collect$$$$0000000F  mc_w.l(entry11a.o)
    0x00000298   0x00000004   Code   RO         1484    .ARM.Collect$$$$00002712  mc_w.l(entry2.o)
    0x0000029c   0x00000006   Code   RO         1114    .emb_text           driverlib.lib(sysctl.o)
    0x000002a2   0x0000014e   Code   RO         1475    .text               mf_w.l(dadd.o)
    0x000003f0   0x000000e4   Code   RO         1477    .text               mf_w.l(dmul.o)
    0x000004d4   0x00000032   Code   RO         1479    .text               mf_w.l(dfixui.o)
    0x00000506   0x00000026   Code   RO         1481    .text               mf_w.l(f2d.o)
    0x0000052c   0x0000001e   Code   RO         1497    .text               mc_w.l(llshl.o)
    0x0000054a   0x00000020   Code   RO         1499    .text               mc_w.l(llushr.o)
    0x0000056a   0x00000024   Code   RO         1501    .text               mc_w.l(llsshr.o)
    0x0000058e   0x00000000   Code   RO         1503    .text               mc_w.l(iusefp.o)
    0x0000058e   0x000000be   Code   RO         1504    .text               mf_w.l(depilogue.o)
    0x0000064c   0x00000024   Code   RO         1506    .text               mc_w.l(init.o)
    0x00000670   0x0000000a   Code   RO          424    i.ADCIntClear       driverlib.lib(adc.o)
    0x0000067a   0x00000034   Code   RO          431    i.ADCIntStatus      driverlib.lib(adc.o)
    0x000006ae   0x0000001a   Code   RO          436    i.ADCProcessorTrigger  driverlib.lib(adc.o)
    0x000006c8   0x00000060   Code   RO          439    i.ADCSequenceConfigure  driverlib.lib(adc.o)
    0x00000728   0x00000024   Code   RO          442    i.ADCSequenceDataGet  driverlib.lib(adc.o)
    0x0000074c   0x0000000e   Code   RO          444    i.ADCSequenceEnable  driverlib.lib(adc.o)
    0x0000075a   0x0000009a   Code   RO          447    i.ADCSequenceStepConfigure  driverlib.lib(adc.o)
    0x000007f4   0x00000028   Code   RO          696    i.GPIODirModeSet    driverlib.lib(gpio.o)
    0x0000081c   0x00000138   Code   RO          708    i.GPIOPadConfigSet  driverlib.lib(gpio.o)
    0x00000954   0x00000044   Code   RO          709    i.GPIOPinConfigure  driverlib.lib(gpio.o)
    0x00000998   0x0000001c   Code   RO          732    i.GPIOPinTypeUART   driverlib.lib(gpio.o)
    0x000009b4   0x00000054   Code   RO            1    i.InitConsole       project0_c.o
    0x00000a08   0x00000154   Code   RO         1117    i.SysCtlClockGet    driverlib.lib(sysctl.o)
    0x00000b5c   0x00000120   Code   RO         1119    i.SysCtlClockSet    driverlib.lib(sysctl.o)
    0x00000c7c   0x00000028   Code   RO         1148    i.SysCtlPeripheralEnable  driverlib.lib(sysctl.o)
    0x00000ca4   0x0000005c   Code   RO           47    i.UARTStdioConfig   project0_c.o
    0x00000d00   0x00000012   Code   RO           52    i.UARTprintf        project0_c.o
    0x00000d12   0x00000002   PAD
    0x00000d14   0x000001b4   Code   RO           53    i.UARTvprintf       project0_c.o
    0x00000ec8   0x0000003c   Code   RO           54    i.UARTwrite         project0_c.o
    0x00000f04   0x0000000e   Code   RO         1510    i.__scatterload_copy  mc_w.l(handlers.o)
    0x00000f12   0x00000002   Code   RO         1511    i.__scatterload_null  mc_w.l(handlers.o)
    0x00000f14   0x0000000e   Code   RO         1512    i.__scatterload_zeroinit  mc_w.l(handlers.o)
    0x00000f22   0x00000002   PAD
    0x00000f24   0x000001b0   Code   RO           56    i.main              project0_c.o
    0x000010d4   0x0000009c   Data   RO           57    .constdata          project0_c.o
    0x00001170   0x00000228   Data   RO          740    .constdata          driverlib.lib(gpio.o)
    0x00001398   0x00000254   Data   RO         1170    .constdata          driverlib.lib(sysctl.o)
    0x000015ec   0x00000011   Data   RO           58    .conststring        project0_c.o
    0x000015fd   0x00000003   PAD
    0x00001600   0x00000020   Data   RO         1508    Region$$Table       anon$$obj.o


    Execution Region RW_IRAM (Base: 0x20000000, Size: 0x00000108, Max: 0x00008000, ABSOLUTE)

    Base Addr    Size         Type   Attr      Idx    E Section Name        Object

    0x20000000   0x00000008   Data   RW           59    .data               project0_c.o
    0x20000008   0x00000100   Zero   RW          406    STACK               startup_rvmdk.o


==============================================================================

Image component sizes


      Code (inc. data)   RO Data    RW Data    ZI Data      Debug   Object Name

      1122        248        173          8          0      11353   project0_c.o
       648        622          0          0        256        260   startup_rvmdk.o

    ----------------------------------------------------------------------
      1772        870        208          8        256      11613   Object Totals
         0          0         32          0          0          0   (incl. Generated)
         2          0          3          0          0          0   (incl. Padding)

    ----------------------------------------------------------------------

      Code (inc. data)   RO Data    RW Data    ZI Data      Debug   Library Member Name

       388          0          0          0          0       8194   adc.o
       448          8        552          0          0       3569   gpio.o
       674         58        596          0          0       4395   sysctl.o
         0          0          0          0          0          0   entry.o
         0          0          0          0          0          0   entry10a.o
         0          0          0          0          0          0   entry11a.o
         8          4          0          0          0          0   entry2.o
         4          0          0          0          0          0   entry5.o
         0          0          0          0          0          0   entry7b.o
         0          0          0          0          0          0   entry8b.o
         8          4          0          0          0          0   entry9a.o
        30          0          0          0          0          0   handlers.o
        36          8          0          0          0         68   init.o
         0          0          0          0          0          0   iusefp.o
        30          0          0          0          0         68   llshl.o
        36          0          0          0          0         68   llsshr.o
        32          0          0          0          0         68   llushr.o
       334          0          0          0          0        148   dadd.o
       190          0          0          0          0        176   depilogue.o
        50          0          0          0          0         76   dfixui.o
       228          0          0          0          0         96   dmul.o
        38          0          0          0          0         68   f2d.o

    ----------------------------------------------------------------------
      2536         82       1148          0          0      16994   Library Totals
         2          0          0          0          0          0   (incl. Padding)

    ----------------------------------------------------------------------

      Code (inc. data)   RO Data    RW Data    ZI Data      Debug   Library Name

      1510         66       1148          0          0      16158   driverlib.lib
       184         16          0          0          0        272   mc_w.l
       840          0          0          0          0        564   mf_w.l

    ----------------------------------------------------------------------
      2536         82       1148          0          0      16994   Library Totals

    ----------------------------------------------------------------------

==============================================================================


      Code (inc. data)   RO Data    RW Data    ZI Data      Debug   

      4308        952       1356          8        256      26695   Grand Totals
      4308        952       1356          8        256      26695   ELF Image Totals
      4308        952       1356          8          0          0   ROM Totals

==============================================================================

    Total RO  Size (Code + RO Data)                 5664 (   5.53kB)
    Total RW  Size (RW Data + ZI Data)               264 (   0.26kB)
    Total ROM Size (Code + RO Data + RW Data)       5672 (   5.54kB)

==============================================================================

